// 重构日志: 253cce8d
// 重构日志: 9606adf2
// 重构日志: 4f080b57
// 同步 ID: 02da8662 @ Sun Jul 26 06:05:07 UTC 2026
// 同步 ID: 2272a9cb @ Sun Jul 26 11:54:35 UTC 2026
// 同步 ID: de08107f @ Sun Jul 26 15:22:45 UTC 2026
// 同步 ID: 36901a5f @ Mon Jul 27 01:59:43 UTC 2026
// 同步 ID: f8f9b54b @ Mon Jul 27 19:53:28 UTC 2026
// 重构日志: 55aa52a1
// 重构日志: 8d1ddbd0
// 重构日志: c51fbb86
// 同步 ID: 6785dce2 @ Wed Jul 29 18:00:33 UTC 2026
// 重构日志: 6b3fc229
// 重构日志: 4419395c
// 同步 ID: c1689349 @ Thu Jul 30 07:48:18 UTC 2026
// 重构日志: 09a3d91f
// 重构日志: 89a83031
// 同步 ID: 13946b58 @ Sat Aug  1 18:26:42 UTC 2026
// 同步 ID: 494c8af3 @ Sun Aug  2 13:35:30 UTC 2026
// 重构日志: c450e2da
// 同步 ID: be33f9d2 @ Tue Aug  4 16:29:39 UTC 2026
// 重构日志: 2a6b087c
// 重构日志: d5a9b08f
// 同步 ID: 7347606d @ Wed Aug  5 13:43:17 UTC 2026
// 重构日志: 9af9c438
// 重构日志: 40640cb6
// 重构日志: 1f6ca5b8
// 重构日志: 2257a152
// 同步 ID: 6eecb2f6 @ Fri Aug  7 14:45:14 UTC 2026
// 同步 ID: e18a54e9 @ Fri Aug  7 16:51:29 UTC 2026
